[citybook.kwst.net/index.html]
[backblue.gif]
[fade.gif]
[index.html]
[citybook.kwst.net/css/plugins.css]
[citybook.kwst.net/css/style.css]
[citybook.kwst.net/css/color.css]
[citybook.kwst.net/images/favicon.ico]
[citybook.kwst.net/images/logo.png]
[citybook.kwst.net/listing.html]
[citybook.kwst.net/dashboard-add-listing.html]
[citybook.kwst.net/index2.html]
[citybook.kwst.net/index3.html]
[citybook.kwst.net/index4.html]
[citybook.kwst.net/index5.html]
[citybook.kwst.net/index6.html]
[citybook.kwst.net/listing2.html]
[citybook.kwst.net/listing3.html]
[citybook.kwst.net/listing4.html]
[citybook.kwst.net/listing5.html]
[citybook.kwst.net/listing6.html]
[citybook.kwst.net/listing-single.html]
[citybook.kwst.net/listing-single2.html]
[citybook.kwst.net/listing-single3.html]
[citybook.kwst.net/listing-single4.html]
[citybook.kwst.net/blog.html]
[citybook.kwst.net/about.html]
[citybook.kwst.net/contacts.html]
[citybook.kwst.net/author-single.html]
[citybook.kwst.net/how-itworks.html]
[citybook.kwst.net/pricing-tables.html]
[citybook.kwst.net/dashboard-myprofile.html]
[citybook.kwst.net/blog-single.html]
[citybook.kwst.net/404.html]
[citybook.kwst.net/coming-soon.html]
[citybook.kwst.net/header2.html]
[citybook.kwst.net/footer-fixed.html]
[citybook.kwst.net/images/all/1.jpg]
[citybook.kwst.net/images/bg/19.jpg]
[citybook.kwst.net/images/all/3.jpg]
[citybook.kwst.net/images/all/22.jpg]
[citybook.kwst.net/images/all/5.jpg]
[citybook.kwst.net/images/avatar/5.jpg]
[citybook.kwst.net/images/all/2.jpg]
[citybook.kwst.net/images/avatar/2.jpg]
[citybook.kwst.net/images/all/20.jpg]
[citybook.kwst.net/images/avatar/4.jpg]
[citybook.kwst.net/images/avatar/1.jpg]
[citybook.kwst.net/images/all/6.jpg]
[citybook.kwst.net/images/avatar/6.jpg]
[citybook.kwst.net/images/all/4.jpg]
[citybook.kwst.net/images/avatar/3.jpg]
[citybook.kwst.net/images/clients/1.png]
[citybook.kwst.net/images/clients/2.png]
[citybook.kwst.net/images/clients/3.png]
[citybook.kwst.net/images/all/15.jpg]
[citybook.kwst.net/images/all/18.jpg]
[citybook.kwst.net/images/all/19.jpg]
[citybook.kwst.net/images/bg/circle.png]
[citybook.kwst.net/js/jquery.min.js]
[citybook.kwst.net/index.html]
[citybook.kwst.net/css/reset.css]
[citybook.kwst.net/fonts/fontawesome-webfont3e6e.eot]
[citybook.kwst.net/js/scripts.js]
[citybook.kwst.net/fonts/fontawesome-webfontd41d.eot]
[citybook.kwst.net/fonts/fontawesome-webfont3e6e.woff2]
[citybook.kwst.net/js/plugins.js]
[citybook.kwst.net/fonts/fontawesome-webfont3e6e.woff]
[citybook.kwst.net/fonts/fontawesome-webfont3e6e.ttf]
[citybook.kwst.net/fonts/fontawesome-webfont3e6e.svg]
[citybook.kwst.net/fonts/lgd641.eot]
[citybook.kwst.net/fonts/lgd41d.eot]
[citybook.kwst.net/fonts/lgd641.woff]
[citybook.kwst.net/fonts/lgd641.ttf]
[citybook.kwst.net/fonts/lgd641.svg]
[citybook.kwst.net/fonts/datedropper.eot]
[citybook.kwst.net/fonts/datedropper.woff]
[citybook.kwst.net/fonts/datedropper.ttf]
[citybook.kwst.net/css/plugins.css]
[citybook.kwst.net/fonts/datedropper.svg]
[citybook.kwst.net/images/bg/shapes-small.png]
[citybook.kwst.net/images/bg/shapes-big.png]
[citybook.kwst.net/images/clouds.png]
[citybook.kwst.net/css/style.css]
[citybook.kwst.net/css/color.css]
[citybook.kwst.net/images/all/8.jpg]
[citybook.kwst.net/images/all/23.jpg]
[citybook.kwst.net/js/map_infobox.js]
[citybook.kwst.net/js/markerclusterer.js]
[citybook.kwst.net/listing.html]
[citybook.kwst.net/js/maps.js]
[citybook.kwst.net/dashboard-bookings.html]
[citybook.kwst.net/dashboard-review.html]
[citybook.kwst.net/dashboard.html]
[citybook.kwst.net/dashboard-messages.html]
[citybook.kwst.net/dashboard-password.html]
[citybook.kwst.net/dashboard-listing-table.html]
[citybook.kwst.net/dashboard-add-listing.html]
[citybook.kwst.net/js/map-add.js]
[citybook.kwst.net/images/bg/29.jpg]
[citybook.kwst.net/video/4.mp4]
[citybook.kwst.net/index2.html]
[citybook.kwst.net/index3.html]
[citybook.kwst.net/images/bg/6.jpg]
[citybook.kwst.net/images/bg/16.jpg]
[citybook.kwst.net/images/bg/24.jpg]
[citybook.kwst.net/index4.html]
[citybook.kwst.net/images/bg/12.jpg]
[citybook.kwst.net/images/bg/slider/17.jpg]
[citybook.kwst.net/images/bg/slider/30.jpg]
[citybook.kwst.net/images/bg/slider/14.jpg]
[citybook.kwst.net/images/bg/slider/25.jpg]
[citybook.kwst.net/images/bg/slider/24.jpg]
[citybook.kwst.net/index5.html]
[citybook.kwst.net/images/bg/4.jpg]
[citybook.kwst.net/index6.html]
[citybook.kwst.net/listing2.html]
[citybook.kwst.net/listing3.html]
[citybook.kwst.net/listing4.html]
[citybook.kwst.net/listing5.html]
[citybook.kwst.net/listing6.html]
[citybook.kwst.net/images/all/single/9.jpg]
[citybook.kwst.net/images/all/single/8.jpg]
[citybook.kwst.net/images/all/single/7.jpg]
[citybook.kwst.net/images/all/single/10.jpg]
[citybook.kwst.net/images/all/single/11.jpg]
[citybook.kwst.net/images/bg/2.jpg]
[citybook.kwst.net/listing-single.html]
[citybook.kwst.net/images/all/single/1.jpg]
[citybook.kwst.net/images/all/single/2.jpg]
[citybook.kwst.net/images/all/single/3.jpg]
[citybook.kwst.net/images/all/single/4.jpg]
[citybook.kwst.net/images/all/single/5.jpg]
[citybook.kwst.net/images/all/single/6.jpg]
[citybook.kwst.net/listing-single2.html]
[citybook.kwst.net/video/3.mp4]
[citybook.kwst.net/images/all/9.jpg]
[citybook.kwst.net/images/all/10.jpg]
[citybook.kwst.net/images/team/1.jpg]
[citybook.kwst.net/images/team/2.jpg]
[citybook.kwst.net/images/team/3.jpg]
[citybook.kwst.net/listing-single3.html]
[citybook.kwst.net/images/bg/36.jpg]
[citybook.kwst.net/images/bg/37.jpg]
[citybook.kwst.net/images/bg/38.jpg]
[citybook.kwst.net/images/team/4.jpg]
[citybook.kwst.net/images/team/5.jpg]
[citybook.kwst.net/images/team/6.jpg]
[citybook.kwst.net/images/all/single/13.jpg]
[citybook.kwst.net/images/all/single/14.jpg]
[citybook.kwst.net/images/all/single/15.jpg]
[citybook.kwst.net/images/all/single/16.jpg]
[citybook.kwst.net/images/all/single/17.jpg]
[citybook.kwst.net/images/all/single/18.jpg]
[citybook.kwst.net/images/bg/39.jpg]
[citybook.kwst.net/listing-single4.html]
[citybook.kwst.net/images/all/12.jpg]
[citybook.kwst.net/images/instagram/1.jpg]
[citybook.kwst.net/images/instagram/2.jpg]
[citybook.kwst.net/images/instagram/3.jpg]
[citybook.kwst.net/images/instagram/4.jpg]
[citybook.kwst.net/images/instagram/5.jpg]
[citybook.kwst.net/images/instagram/6.jpg]
[citybook.kwst.net/blog.html]
[citybook.kwst.net/images/all/16.jpg]
[citybook.kwst.net/about.html]
[citybook.kwst.net/contacts.html]
[citybook.kwst.net/author-single.html]
[citybook.kwst.net/how-itworks.html]
[citybook.kwst.net/pricing-tables.html]
[citybook.kwst.net/dashboard-myprofile.html]
[citybook.kwst.net/blog-single.html]
[citybook.kwst.net/404.html]
[citybook.kwst.net/images/bg/27.jpg]
[citybook.kwst.net/coming-soon.html]
[citybook.kwst.net/images/logo2.png]
[citybook.kwst.net/header2.html]
[citybook.kwst.net/footer-fixed.html]
[citybook.kwst.net/fonts/fontawesome-webfont3e6e.svg]
[citybook.kwst.net/fonts/lgd641.svg]
[citybook.kwst.net/img/vimeo-play.html]
[citybook.kwst.net/img/video-play.html]
[citybook.kwst.net/img/youtube-play.html]
[citybook.kwst.net/images/loading.html]
[citybook.kwst.net/css/src/datedropperd41d.html]
[citybook.kwst.net/fonts/datedropper.svg]
[citybook.kwst.net/images/avatar/avatar-bg.png]
[citybook.kwst.net/dashboard-bookings.html]
[citybook.kwst.net/dashboard-review.html]
[citybook.kwst.net/dashboard.html]
[citybook.kwst.net/dashboard-messages.html]
[citybook.kwst.net/dashboard-password.html]
[citybook.kwst.net/dashboard-listing-table.html]
[citybook.kwst.net/invoice.html]
[citybook.kwst.net/listing-sinle.html]
[citybook.kwst.net/video/3.mp4]
